Microchip Technology Inc, v1.26 (A)

Tool Name:
  f:\programfiles_x86\microchip\xc16\v1.26\bin\bin\..\bin/elf-ld.exe

Command:
  -p33FJ64MC204 \
  -o \
  dist/default/production/RPI_shield.X.production.elf \
  -Lf:/programfiles_x86/microchip/xc16/v1.26/bin/bin/.. \
  -Lf:/programfiles_x86/microchip/xc16/v1.26/bin/bin/../../lib \
  -Lf:/programfiles_x86/microchip/xc16/v1.26/bin/bin/../../support/PIC24E/gld \
  -Lf:/programfiles_x86/microchip/xc16/v1.26/bin/bin/../../support/PIC24F/gld \
  -Lf:/programfiles_x86/microchip/xc16/v1.26/bin/bin/../../support/PIC24H/gld \
  -Lf:/programfiles_x86/microchip/xc16/v1.26/bin/bin/../../support/dsPIC30F/gld \
  -Lf:/programfiles_x86/microchip/xc16/v1.26/bin/bin/../../support/dsPIC33E/gld \
  -Lf:/programfiles_x86/microchip/xc16/v1.26/bin/bin/../../support/dsPIC33F/gld \
  build/default/production/_ext/1472/controllers.o \
  build/default/production/_ext/1472/initialize.o \
  build/default/production/_ext/1472/main.o \
  build/default/production/_ext/1472/sensors.o \
  build/default/production/_ext/1472/serial.o \
  build/default/production/_ext/1472/MLX90363.o \
  --defsym=__MPLAB_BUILD=1 \
  -Tp33FJ64MC204.gld.00 \
  --stack=16 \
  --check-sections \
  --data-init \
  --pack-data \
  --handles \
  --isr \
  --no-gc-sections \
  --fill-upper=0 \
  --stackguard=16 \
  --library-path=C:/Program Files (x86)/Microchip/mplabc30/v3.31/support/dsPIC33F/gld \
  --library-path=. \
  --no-force-link \
  --smart-io \
  -Map=dist/default/production/RPI_shield.X.production.map \
  --report-mem \
  --memorysummary \
  dist/default/production/memoryfile.xml \
  -start-group \
  --library=pic30-elf \
  --library=m-elf \
  --library=c-elf \
  -end-group \


Optional library libp33FJ64MC204.a not found
Archive member included because of file (symbol)

f:/programfiles_x86/microchip/xc16/v1.26/bin/bin/../../lib\libpic30-elf.a(crt0_standard.o)
                              (__resetPRI)
f:/programfiles_x86/microchip/xc16/v1.26/bin/bin/../../lib\libpic30-elf.a(data_init_standard.o)
                              f:/programfiles_x86/microchip/xc16/v1.26/bin/bin/../../lib\libpic30-elf.a(crt0_standard.o) (__data_init_standard)
f:/programfiles_x86/microchip/xc16/v1.26/bin/bin/../../lib\libm-elf.a(addsf3.eo)
                              build/default/production/_ext/1472/initialize.o (___subsf3)
f:/programfiles_x86/microchip/xc16/v1.26/bin/bin/../../lib\libm-elf.a(atanf.eo)
                              build/default/production/_ext/1472/sensors.o (_atanf)
f:/programfiles_x86/microchip/xc16/v1.26/bin/bin/../../lib\libm-elf.a(divsf3.eo)
                              build/default/production/_ext/1472/sensors.o (___divsf3)
f:/programfiles_x86/microchip/xc16/v1.26/bin/bin/../../lib\libm-elf.a(errno.eo)
                              f:/programfiles_x86/microchip/xc16/v1.26/bin/bin/../../lib\libm-elf.a(atanf.eo) (_errno)
f:/programfiles_x86/microchip/xc16/v1.26/bin/bin/../../lib\libm-elf.a(feqltle.eo)
                              build/default/production/_ext/1472/initialize.o (___ltsf2)
f:/programfiles_x86/microchip/xc16/v1.26/bin/bin/../../lib\libm-elf.a(fgtge.eo)
                              build/default/production/_ext/1472/initialize.o (___gtsf2)
f:/programfiles_x86/microchip/xc16/v1.26/bin/bin/../../lib\libm-elf.a(fixsfsi.eo)
                              build/default/production/_ext/1472/sensors.o (_(float, int, long long, short, float, short, int))
f:/programfiles_x86/microchip/xc16/v1.26/bin/bin/../../lib\libm-elf.a(fixunssfsi.eo)
                              build/default/production/_ext/1472/initialize.o (___fixunssfsi)
f:/programfiles_x86/microchip/xc16/v1.26/bin/bin/../../lib\libm-elf.a(floatsisf.eo)
                              build/default/production/_ext/1472/sensors.o (___floatsisf)
f:/programfiles_x86/microchip/xc16/v1.26/bin/bin/../../lib\libm-elf.a(floatunsisf.eo)
                              build/default/production/_ext/1472/sensors.o (___floatunsisf)
f:/programfiles_x86/microchip/xc16/v1.26/bin/bin/../../lib\libm-elf.a(fpack.eo)
                              f:/programfiles_x86/microchip/xc16/v1.26/bin/bin/../../lib\libm-elf.a(addsf3.eo) (__fpack)
f:/programfiles_x86/microchip/xc16/v1.26/bin/bin/../../lib\libm-elf.a(funpack.eo)
                              f:/programfiles_x86/microchip/xc16/v1.26/bin/bin/../../lib\libm-elf.a(atanf.eo) (__funpack)
f:/programfiles_x86/microchip/xc16/v1.26/bin/bin/../../lib\libm-elf.a(funpack2.eo)
                              f:/programfiles_x86/microchip/xc16/v1.26/bin/bin/../../lib\libm-elf.a(addsf3.eo) (__funpack2)
f:/programfiles_x86/microchip/xc16/v1.26/bin/bin/../../lib\libm-elf.a(futil.eo)
                              f:/programfiles_x86/microchip/xc16/v1.26/bin/bin/../../lib\libm-elf.a(addsf3.eo) (__fPropagateNaN)
f:/programfiles_x86/microchip/xc16/v1.26/bin/bin/../../lib\libm-elf.a(mulsf3.eo)
                              build/default/production/_ext/1472/initialize.o (___mulsf3)
[...]
Memory Configuration

Name             Origin             Length             Attributes
data             0x000800           0x002000           a !xr
reset            0x000000           0x000004  
ivt              0x000004           0x0000fc  
_reserved        0x000100           0x000004  
aivt             0x000104           0x0000fc  
program          0x000200           0x00aa00           xr
FBS              0xf80000           0x000002  
FSS              0xf80002           0x000002  
FGS              0xf80004           0x000002  
FOSCSEL          0xf80006           0x000002  
FOSC             0xf80008           0x000002  
FWDT             0xf8000a           0x000002  
FPOR             0xf8000c           0x000002  
FICD             0xf8000e           0x000002  
FUID0            0xf80010           0x000002  
FUID1            0xf80012           0x000002  
FUID2            0xf80014           0x000002  
FUID3            0xf80016           0x000002  
*default*        0x000000           0xffffffff  

Linker script and memory map

LOAD build/default/production/_ext/1472/controllers.o
LOAD build/default/production/_ext/1472/initialize.o
LOAD build/default/production/_ext/1472/main.o
LOAD build/default/production/_ext/1472/sensors.o
LOAD build/default/production/_ext/1472/serial.o
LOAD build/default/production/_ext/1472/MLX90363.o
                    0x0001                  __MPLAB_BUILD = 0x1
LOAD p33FJ64MC204
LOAD f:/programfiles_x86/microchip/xc16/v1.26/bin/bin/../../lib\libfx-elf.a
                    0xf80000                  __FBS = 0xf80000
                    0xf80002                  __FSS = 0xf80002
                    0xf80004                  __FGS = 0xf80004
                    0xf80006                  __FOSCSEL = 0xf80006
                    0xf80008                  __FOSC = 0xf80008
                    0xf8000a                  __FWDT = 0xf8000a
                    0xf8000c                  __FPOR = 0xf8000c
                    0xf8000e                  __FICD = 0xf8000e
                    0xf80010                  __FUID0 = 0xf80010
                    0xf80012                  __FUID1 = 0xf80012
                    0xf80014                  __FUID2 = 0xf80014
                    0xf80016                  __FUID3 = 0xf80016
                    0x0001                  __NO_HANDLES = 0x1
                    0x0200                  __CODE_BASE = 0x200
                    0xaa00                  __CODE_LENGTH = 0xaa00
                    0x0004                  __IVT_BASE = 0x4
                    0x0104                  __AIVT_BASE = 0x104
                    0x0800                  __DATA_BASE = 0x800
                    0x2000                  __DATA_LENGTH = 0x2000
                    0x1800                  __YDATA_BASE = 0x1800
                    0x2000                  __DMA_BASE = 0x2000
                    0x27ff                  __DMA_END = 0x27ff

.reset            0x000000          0x4
                  0x000000          0x2 SHORT 0x200 ABSOLUTE (__reset)
                  0x000001          0x2 SHORT 0x4
                  0x000002          0x2 SHORT 0x0 ((ABSOLUTE (__reset) >> 0x10) & 0x7f)
                  0x000003          0x2 SHORT 0x0

.text             0x000200        0x766
 *(.init)
 .init            0x000200         0x3c f:/programfiles_x86/microchip/xc16/v1.26/bin/bin/../../lib\libpic30-elf.a(crt0_standard.o)
                  0x000200                  __resetPRI
                  0x000200                  __reset
                  0x00022c                  __psv_init
 .init            0x00023c         0x6c f:/programfiles_x86/microchip/xc16/v1.26/bin/bin/../../lib\libpic30-elf.a(data_init_standard.o)
                  0x00023c                  __data_init_standard
                  0x00023c                  __data_init
 *(.user_init)
 *(.handle)
 *(.isr*)
 .isr             0x0002a8          0x4 default_isr
                  0x0002a8                  __DefaultInterrupt
 *(.libc)
 .libc            0x0002ac         0x28 f:/programfiles_x86/microchip/xc16/v1.26/bin/bin/../../lib\libpic30-elf.a(sbrk.eo)
                  0x0002ac                  _sbrk
 .libc            0x0002d4         0x1a f:/programfiles_x86/microchip/xc16/v1.26/bin/bin/../../lib\libpic30-elf.a(brk.elo)
                  0x0002d4                  _brk
 *(.libm)
 *(.libdsp)
 *(.lib*)
 .libm.subsf3     0x0002ee         0xbc f:/programfiles_x86/microchip/xc16/v1.26/bin/bin/../../lib\libm-elf.a(addsf3.eo)
                  0x0002ee                  ___subsf3
                  0x0002f0                  ___addsf3
 .libm.atanf      0x0003aa         0xca f:/programfiles_x86/microchip/xc16/v1.26/bin/bin/../../lib\libm-elf.a(atanf.eo)
                  0x0003aa                  _atanf
 .libm.divfs3     0x000474         0x84 f:/programfiles_x86/microchip/xc16/v1.26/bin/bin/../../lib\libm-elf.a(divsf3.eo)
                  0x000474                  ___divsf3
 .libm.eqsf2      0x0004f8          0x4 f:/programfiles_x86/microchip/xc16/v1.26/bin/bin/../../lib\libm-elf.a(feqltle.eo)
                  0x0004f8                  ___eqsf2
                  0x0004f8                  ___ltsf2
                  0x0004f8                  ___lesf2
 .libm.gtsf2      0x0004fc          0x4 f:/programfiles_x86/microchip/xc16/v1.26/bin/bin/../../lib\libm-elf.a(fgtge.eo)
                  0x0004fc                  ___gesf2
                  0x0004fc                  ___gtsf2
 .libm.fixsfsi    0x000500         0x42 f:/programfiles_x86/microchip/xc16/v1.26/bin/bin/../../lib\libm-elf.a(fixsfsi.eo)
                  0x000500                  _(float, int, long long, short, float, short, int)
 .libm.fixunssfsi
                  0x000542         0x36 f:/programfiles_x86/microchip/xc16/v1.26/bin/bin/../../lib\libm-elf.a(fixunssfsi.eo)
                  0x000542                  ___fixunssfsi
 .libm.floatsisf
                  0x000578          0x6 f:/programfiles_x86/microchip/xc16/v1.26/bin/bin/../../lib\libm-elf.a(floatsisf.eo)
                  0x000578                  ___floatsisf
 .libm.floatunsisf
                  0x00057e          0x4 f:/programfiles_x86/microchip/xc16/v1.26/bin/bin/../../lib\libm-elf.a(floatunsisf.eo)
                  0x00057e                  ___floatunsisf
 .libm.fpack      0x000582         0x4c f:/programfiles_x86/microchip/xc16/v1.26/bin/bin/../../lib\libm-elf.a(fpack.eo)
                  0x000582                  __fpack
 .libm.funpack    0x0005ce         0x2a f:/programfiles_x86/microchip/xc16/v1.26/bin/bin/../../lib\libm-elf.a(funpack.eo)
                  0x0005ce                  __funpack
 .libm.funpack2
                  0x0005f8         0x10 f:/programfiles_x86/microchip/xc16/v1.26/bin/bin/../../lib\libm-elf.a(funpack2.eo)
                  0x0005f8                  __funpack2
 .libm.fPropagateNaN
                  0x000608         0x12 f:/programfiles_x86/microchip/xc16/v1.26/bin/bin/../../lib\libm-elf.a(futil.eo)
                  0x000608                  __fPropagateNaN
 .libm.fbobExit
                  0x00061a          0x8 f:/programfiles_x86/microchip/xc16/v1.26/bin/bin/../../lib\libm-elf.a(futil.eo)
                  0x00061a                  __fbopExit
 .libm.fbopReturnNaN
                  0x000622          0x6 f:/programfiles_x86/microchip/xc16/v1.26/bin/bin/../../lib\libm-elf.a(futil.eo)
                  0x000622                  __fbopReturnNaN
 .libm.mulsf3     0x000628         0x68 f:/programfiles_x86/microchip/xc16/v1.26/bin/bin/../../lib\libm-elf.a(mulsf3.eo)
                  0x000628                  ___mulsf3
 .libm.sqrtf      0x000690         0x6a f:/programfiles_x86/microchip/xc16/v1.26/bin/bin/../../lib\libm-elf.a(sqrtf.eo)
                  0x000690                  _sqrtf
 .libm.fcompare
                  0x0006fa         0x36 f:/programfiles_x86/microchip/xc16/v1.26/bin/bin/../../lib\libm-elf.a(fcompare.eo)
                  0x0006fa                  __fcompare
 .libm.floatdisf
                  0x000730         0x20 f:/programfiles_x86/microchip/xc16/v1.26/bin/bin/../../lib\libm-elf.a(floatdisf.eo)
                  0x000730                  ___floatdisf
 .libm.floatundisf
                  0x000750         0x5e f:/programfiles_x86/microchip/xc16/v1.26/bin/bin/../../lib\libm-elf.a(floatundisf.eo)
                  0x000750                  ___floatundisf
 .libc.malloc     0x0007ae        0x112 f:/programfiles_x86/microchip/xc16/v1.26/bin/bin/../../lib\libc-elf.a(malloc.eo)
                  0x0007ae                  _malloc
 .libc.free       0x0008c0         0x16 f:/programfiles_x86/microchip/xc16/v1.26/bin/bin/../../lib\libc-elf.a(malloc.eo)
                  0x0008c0                  _free
 .libc.realloc    0x0008d6         0x82 f:/programfiles_x86/microchip/xc16/v1.26/bin/bin/../../lib\libc-elf.a(malloc.eo)
                  0x0008d6                  _realloc
 .libc.memcpy     0x000958          0xe f:/programfiles_x86/microchip/xc16/v1.26/bin/bin/../../lib\libc-elf.a(memcpy.eo)
                  0x000958                  _memcpy

usercode
 *(usercode)

__FBS
 *(__FBS.sec*)

__FSS
 *(__FSS.sec*)

__FGS
 *(__FGS.sec*)

__FOSCSEL         0xf80006          0x2
 *(__FOSCSEL.sec*)
 __FOSCSEL.sec    0xf80006          0x2 build/default/production/_ext/1472/initialize.o

__FOSC            0xf80008          0x2
 *(__FOSC.sec*)
 __FOSC.sec       0xf80008          0x2 build/default/production/_ext/1472/initialize.o

__FWDT            0xf8000a          0x2
 *(__FWDT.sec*)
 __FWDT.sec       0xf8000a          0x2 build/default/production/_ext/1472/initialize.o

__FPOR
 *(__FPOR.sec*)

__FICD            0xf8000e          0x2
 *(__FICD.sec*)
 __FICD.sec       0xf8000e          0x2 build/default/production/_ext/1472/initialize.o

__FUID0
 *(__FUID0.sec*)

__FUID1
 *(__FUID1.sec*)

__FUID2
 *(__FUID2.sec*)

__FUID3
 *(__FUID3.sec*)

.comment
 *(.comment)

.debug_info       0x000000       0x66c6
 *(.debug_info)
 .debug_info      0x000000        0x140 build/default/production/_ext/1472/controllers.o
 .debug_info      0x000140       0x44b9 build/default/production/_ext/1472/initialize.o
 .debug_info      0x0045f9        0x7fb build/default/production/_ext/1472/main.o
 .debug_info      0x004df4        0x7f2 build/default/production/_ext/1472/sensors.o
 .debug_info      0x0055e6        0x2d9 build/default/production/_ext/1472/serial.o
 .debug_info      0x0058bf        0xe07 build/default/production/_ext/1472/MLX90363.o
 *(.gnu.linkonce.wi.*)

.debug_abbrev     0x000000        0x67e
 *(.debug_abbrev)
 .debug_abbrev    0x000000         0x45 build/default/production/_ext/1472/controllers.o
 .debug_abbrev    0x000045        0x195 build/default/production/_ext/1472/initialize.o
 .debug_abbrev    0x0001da         0xf4 build/default/production/_ext/1472/main.o
 .debug_abbrev    0x0002ce        0x14a build/default/production/_ext/1472/sensors.o
 .debug_abbrev    0x000418         0xc2 build/default/production/_ext/1472/serial.o
 .debug_abbrev    0x0004da        0x1a4 build/default/production/_ext/1472/MLX90363.o

.debug_line       0x000000        0x6ad
 *(.debug_line)
 .debug_line      0x000000         0x40 build/default/production/_ext/1472/controllers.o
 .debug_line      0x000040        0x1b2 build/default/production/_ext/1472/initialize.o
 .debug_line      0x0001f2         0xa3 build/default/production/_ext/1472/main.o
 .debug_line      0x000295         0xf9 build/default/production/_ext/1472/sensors.o
 .debug_line      0x00038e         0x61 build/default/production/_ext/1472/serial.o
 .debug_line      0x0003ef        0x2be build/default/production/_ext/1472/MLX90363.o

.debug_frame      0x000000        0x5f2
 *(.debug_frame)
 .debug_frame     0x000000         0x30 build/default/production/_ext/1472/controllers.o
 .debug_frame     0x000030        0x32e build/default/production/_ext/1472/initialize.o
 .debug_frame     0x00035e         0x30 build/default/production/_ext/1472/main.o
 .debug_frame     0x00038e         0xd0 build/default/production/_ext/1472/sensors.o
 .debug_frame     0x00045e         0x4c build/default/production/_ext/1472/serial.o
 .debug_frame     0x0004aa        0x148 build/default/production/_ext/1472/MLX90363.o

.debug_str        0x000000        0x42a
 *(.debug_str)
 .debug_str       0x000000        0x285 build/default/production/_ext/1472/initialize.o
 .debug_str       0x000285         0x35 build/default/production/_ext/1472/main.o
 .debug_str       0x0002ba         0x94 build/default/production/_ext/1472/sensors.o
 .debug_str       0x00034e         0x32 build/default/production/_ext/1472/serial.o
 .debug_str       0x000380         0xaa build/default/production/_ext/1472/MLX90363.o

.debug_loc
 *(.debug_loc)

.debug_macinfo
 *(.debug_macinfo)

.debug_pubnames
                  0x000000        0x71c
 *(.debug_pubnames)
 .debug_pubnames
                  0x000000         0x26 build/default/production/_ext/1472/controllers.o
 .debug_pubnames
                  0x000026        0x206 build/default/production/_ext/1472/initialize.o
 .debug_pubnames
                  0x00022c        0x20f build/default/production/_ext/1472/main.o
 .debug_pubnames
                  0x00043b         0x93 build/default/production/_ext/1472/sensors.o
 .debug_pubnames
                  0x0004ce         0x57 build/default/production/_ext/1472/serial.o
 .debug_pubnames
                  0x000525        0x1f7 build/default/production/_ext/1472/MLX90363.o

.debug_ranges
 *(.debug_ranges)

.debug_aranges    0x000000         0x90
 *(.debug_aranges)
 .debug_aranges
                  0x000000         0x18 build/default/production/_ext/1472/controllers.o
 .debug_aranges
                  0x000018         0x18 build/default/production/_ext/1472/initialize.o
 .debug_aranges
                  0x000030         0x18 build/default/production/_ext/1472/main.o
 .debug_aranges
                  0x000048         0x18 build/default/production/_ext/1472/sensors.o
 .debug_aranges
                  0x000060         0x18 build/default/production/_ext/1472/serial.o
 .debug_aranges
                  0x000078         0x18 build/default/production/_ext/1472/MLX90363.o
                    0x0000                  WREG0 = 0x0
                    0x0000                  _WREG0 = 0x0
                    0x0002                  WREG1 = 0x2
                    0x0002                  _WREG1 = 0x2
                    0x0004                  WREG2 = 0x4
                    0x0004                  _WREG2 = 0x4
                    0x0006                  WREG3 = 0x6
                    0x0006                  _WREG3 = 0x6
                    0x0008                  WREG4 = 0x8
                    0x0008                  _WREG4 = 0x8
                    0x000a                  WREG5 = 0xa
                    0x000a                  _WREG5 = 0xa
                    0x000c                  WREG6 = 0xc
                    0x000c                  _WREG6 = 0xc
                    0x000e                  WREG7 = 0xe
                    0x000e                  _WREG7 = 0xe
                    0x0010                  WREG8 = 0x10
                    0x0010                  _WREG8 = 0x10
                    0x0012                  WREG9 = 0x12
                    0x0012                  _WREG9 = 0x12
                    0x0014                  WREG10 = 0x14
                    0x0014                  _WREG10 = 0x14
                    0x0016                  WREG11 = 0x16
                    0x0016                  _WREG11 = 0x16
                    0x0018                  WREG12 = 0x18
                    0x0018                  _WREG12 = 0x18
                    0x001a                  WREG13 = 0x1a
                    0x001a                  _WREG13 = 0x1a
                    0x001c                  WREG14 = 0x1c
                    0x001c                  _WREG14 = 0x1c
                    0x001e                  WREG15 = 0x1e
                    0x001e                  _WREG15 = 0x1e
                    0x0020                  SPLIM = 0x20
                    0x0020                  _SPLIM = 0x20
                    0x0022                  ACCAL = 0x22
                    0x0022                  _ACCAL = 0x22
                    0x0024                  ACCAH = 0x24
                    0x0024                  _ACCAH = 0x24
                    0x0026                  ACCAU = 0x26
                    0x0026                  _ACCAU = 0x26
                    0x0028                  ACCBL = 0x28
                    0x0028                  _ACCBL = 0x28
                    0x002a                  ACCBH = 0x2a
                    0x002a                  _ACCBH = 0x2a
                    0x002c                  ACCBU = 0x2c
                    0x002c                  _ACCBU = 0x2c
                    0x002e                  PCL = 0x2e
                    0x002e                  _PCL = 0x2e
                    0x0030                  PCH = 0x30
                    0x0030                  _PCH = 0x30
                    0x0032                  TBLPAG = 0x32
                    0x0032                  _TBLPAG = 0x32
                    0x0034                  PSVPAG = 0x34
                    0x0034                  _PSVPAG = 0x34
                    0x0036                  RCOUNT = 0x36
                    0x0036                  _RCOUNT = 0x36
                    0x0038                  DCOUNT = 0x38
                    0x0038                  _DCOUNT = 0x38
                    0x003a                  DOSTARTL = 0x3a
                    0x003a                  _DOSTARTL = 0x3a
                    0x003c                  DOSTARTH = 0x3c
                    0x003c                  _DOSTARTH = 0x3c
                    0x003e                  DOENDL = 0x3e
                    0x003e                  _DOENDL = 0x3e
                    0x0040                  DOENDH = 0x40
                    0x0040                  _DOENDH = 0x40
                    0x0042                  SR = 0x42
                    0x0042                  _SR = 0x42
                    0x0042                  _SRbits = 0x42
                    0x0044                  CORCON = 0x44
                    0x0044                  _CORCON = 0x44
                    0x0044                  _CORCONbits = 0x44
                    0x0046                  MODCON = 0x46
                    0x0046                  _MODCON = 0x46
                    0x0046                  _MODCONbits = 0x46
                    0x0048                  XMODSRT = 0x48
                    0x0048                  _XMODSRT = 0x48
                    0x004a                  XMODEND = 0x4a
                    0x004a                  _XMODEND = 0x4a
                    0x004c                  YMODSRT = 0x4c
                    0x004c                  _YMODSRT = 0x4c
                    0x004e                  YMODEND = 0x4e
                    0x004e                  _YMODEND = 0x4e
                    0x0050                  XBREV = 0x50
                    0x0050                  _XBREV = 0x50
                    0x0050                  _XBREVbits = 0x50
                    0x0052                  DISICNT = 0x52
                    0x0052                  _DISICNT = 0x52
                    0x0060                  CNEN1 = 0x60
                    0x0060                  _CNEN1 = 0x60
                    0x0060                  _CNEN1bits = 0x60
                    0x0062                  CNEN2 = 0x62
                    0x0062                  _CNEN2 = 0x62
                    0x0062                  _CNEN2bits = 0x62
                    0x0068                  CNPU1 = 0x68
                    0x0068                  _CNPU1 = 0x68
                    0x0068                  _CNPU1bits = 0x68
                    0x006a                  CNPU2 = 0x6a
                    0x006a                  _CNPU2 = 0x6a
                    0x006a                  _CNPU2bits = 0x6a
                    0x0080                  INTCON1 = 0x80
                    0x0080                  _INTCON1 = 0x80
                    0x0080                  _INTCON1bits = 0x80
                    0x0082                  INTCON2 = 0x82
                    0x0082                  _INTCON2 = 0x82
                    0x0082                  _INTCON2bits = 0x82
                    0x0084                  IFS0 = 0x84
                    0x0084                  _IFS0 = 0x84
                    0x0084                  _IFS0bits = 0x84
                    0x0086                  IFS1 = 0x86
                    0x0086                  _IFS1 = 0x86
                    0x0086                  _IFS1bits = 0x86
                    0x0088                  IFS2 = 0x88
                    0x0088                  _IFS2 = 0x88
                    0x0088                  _IFS2bits = 0x88
                    0x008a                  IFS3 = 0x8a
                    0x008a                  _IFS3 = 0x8a
                    0x008a                  _IFS3bits = 0x8a
                    0x008c                  IFS4 = 0x8c
                    0x008c                  _IFS4 = 0x8c
                    0x008c                  _IFS4bits = 0x8c
                    0x0094                  IEC0 = 0x94
                    0x0094                  _IEC0 = 0x94
                    0x0094                  _IEC0bits = 0x94
                    0x0096                  IEC1 = 0x96
                    0x0096                  _IEC1 = 0x96
                    0x0096                  _IEC1bits = 0x96
                    0x0098                  IEC2 = 0x98
                    0x0098                  _IEC2 = 0x98
                    0x0098                  _IEC2bits = 0x98
                    0x009a                  IEC3 = 0x9a
                    0x009a                  _IEC3 = 0x9a
                    0x009a                  _IEC3bits = 0x9a
                    0x009c                  IEC4 = 0x9c
                    0x009c                  _IEC4 = 0x9c
                    0x009c                  _IEC4bits = 0x9c
                    0x00a4                  IPC0 = 0xa4
                    0x00a4                  _IPC0 = 0xa4
                    0x00a4                  _IPC0bits = 0xa4
                    0x00a6                  IPC1 = 0xa6
                    0x00a6                  _IPC1 = 0xa6
                    0x00a6                  _IPC1bits = 0xa6
                    0x00a8                  IPC2 = 0xa8
                    0x00a8                  _IPC2 = 0xa8
                    0x00a8                  _IPC2bits = 0xa8
                    0x00aa                  IPC3 = 0xaa
                    0x00aa                  _IPC3 = 0xaa
                    0x00aa                  _IPC3bits = 0xaa
                    0x00ac                  IPC4 = 0xac
                    0x00ac                  _IPC4 = 0xac
                    0x00ac                  _IPC4bits = 0xac
                    0x00ae                  IPC5 = 0xae
                    0x00ae                  _IPC5 = 0xae
                    0x00ae                  _IPC5bits = 0xae
                    0x00b0                  IPC6 = 0xb0
                    0x00b0                  _IPC6 = 0xb0
                    0x00b0                  _IPC6bits = 0xb0
                    0x00b2                  IPC7 = 0xb2
                    0x00b2                  _IPC7 = 0xb2
                    0x00b2                  _IPC7bits = 0xb2
                    0x00b4                  IPC8 = 0xb4
                    0x00b4                  _IPC8 = 0xb4
                    0x00b4                  _IPC8bits = 0xb4
                    0x00b6                  IPC9 = 0xb6
                    0x00b6                  _IPC9 = 0xb6
                    0x00b6                  _IPC9bits = 0xb6
                    0x00ba                  IPC11 = 0xba
                    0x00ba                  _IPC11 = 0xba
                    0x00ba                  _IPC11bits = 0xba
                    0x00c0                  IPC14 = 0xc0
                    0x00c0                  _IPC14 = 0xc0
                    0x00c0                  _IPC14bits = 0xc0
                    0x00c2                  IPC15 = 0xc2
                    0x00c2                  _IPC15 = 0xc2
                    0x00c2                  _IPC15bits = 0xc2
                    0x00c4                  IPC16 = 0xc4
                    0x00c4                  _IPC16 = 0xc4
                    0x00c4                  _IPC16bits = 0xc4
                    0x00c6                  IPC17 = 0xc6
                    0x00c6                  _IPC17 = 0xc6
                    0x00c6                  _IPC17bits = 0xc6
                    0x00c8                  IPC18 = 0xc8
                    0x00c8                  _IPC18 = 0xc8
                    0x00c8                  _IPC18bits = 0xc8
                    0x00e0                  INTTREG = 0xe0
                    0x00e0                  _INTTREG = 0xe0
                    0x00e0                  _INTTREGbits = 0xe0
                    0x0100                  TMR1 = 0x100
                    0x0100                  _TMR1 = 0x100
                    0x0102                  PR1 = 0x102
                    0x0102                  _PR1 = 0x102
                    0x0104                  T1CON = 0x104
                    0x0104                  _T1CON = 0x104
                    0x0104                  _T1CONbits = 0x104
                    0x0106                  TMR2 = 0x106
                    0x0106                  _TMR2 = 0x106
                    0x0108                  TMR3HLD = 0x108
                    0x0108                  _TMR3HLD = 0x108
                    0x010a                  TMR3 = 0x10a
                    0x010a                  _TMR3 = 0x10a
                    0x010c                  PR2 = 0x10c
                    0x010c                  _PR2 = 0x10c
                    0x010e                  PR3 = 0x10e
                    0x010e                  _PR3 = 0x10e
                    0x0110                  T2CON = 0x110
                    0x0110                  _T2CON = 0x110
                    0x0110                  _T2CONbits = 0x110
                    0x0112                  T3CON = 0x112
                    0x0112                  _T3CON = 0x112
                    0x0112                  _T3CONbits = 0x112
                    0x0114                  TMR4 = 0x114
                    0x0114                  _TMR4 = 0x114
                    0x0116                  TMR5HLD = 0x116
                    0x0116                  _TMR5HLD = 0x116
                    0x0118                  TMR5 = 0x118
                    0x0118                  _TMR5 = 0x118
                    0x011a                  PR4 = 0x11a
                    0x011a                  _PR4 = 0x11a
                    0x011c                  PR5 = 0x11c
                    0x011c                  _PR5 = 0x11c
                    0x011e                  T4CON = 0x11e
                    0x011e                  _T4CON = 0x11e
                    0x011e                  _T4CONbits = 0x11e
                    0x0120                  T5CON = 0x120
                    0x0120                  _T5CON = 0x120
                    0x0120                  _T5CONbits = 0x120
                    0x0140                  IC1BUF = 0x140
                    0x0140                  _IC1BUF = 0x140
                    0x0142                  IC1CON = 0x142
                    0x0142                  _IC1CON = 0x142
                    0x0142                  _IC1CONbits = 0x142
                    0x0144                  IC2BUF = 0x144
                    0x0144                  _IC2BUF = 0x144
                    0x0146                  IC2CON = 0x146
                    0x0146                  _IC2CON = 0x146
                    0x0146                  _IC2CONbits = 0x146
                    0x0158                  IC7BUF = 0x158
                    0x0158                  _IC7BUF = 0x158
                    0x015a                  IC7CON = 0x15a
                    0x015a                  _IC7CON = 0x15a
                    0x015a                  _IC7CONbits = 0x15a
                    0x015c                  IC8BUF = 0x15c
                    0x015c                  _IC8BUF = 0x15c
                    0x015e                  IC8CON = 0x15e
                    0x015e                  _IC8CON = 0x15e
                    0x015e                  _IC8CONbits = 0x15e
                    0x0180                  OC1RS = 0x180
                    0x0180                  _OC1RS = 0x180
                    0x0182                  OC1R = 0x182
                    0x0182                  _OC1R = 0x182
                    0x0184                  OC1CON = 0x184
                    0x0184                  _OC1CON = 0x184
                    0x0184                  _OC1CONbits = 0x184
                    0x0186                  OC2RS = 0x186
                    0x0186                  _OC2RS = 0x186
                    0x0188                  OC2R = 0x188
                    0x0188                  _OC2R = 0x188
                    0x018a                  OC2CON = 0x18a
                    0x018a                  _OC2CON = 0x18a
                    0x018a                  _OC2CONbits = 0x18a
                    0x018c                  OC3RS = 0x18c
                    0x018c                  _OC3RS = 0x18c
                    0x018e                  OC3R = 0x18e
                    0x018e                  _OC3R = 0x18e
                    0x0190                  OC3CON = 0x190
                    0x0190                  _OC3CON = 0x190
                    0x0190                  _OC3CONbits = 0x190
                    0x0192                  OC4RS = 0x192
                    0x0192                  _OC4RS = 0x192
                    0x0194                  OC4R = 0x194
                    0x0194                  _OC4R = 0x194
                    0x0196                  OC4CON = 0x196
                    0x0196                  _OC4CON = 0x196
                    0x0196                  _OC4CONbits = 0x196
                    0x01c0                  P1TCON = 0x1c0
                    0x01c0                  _P1TCON = 0x1c0
                    0x01c0                  _P1TCONbits = 0x1c0
                    0x01c0                  PTCON = 0x1c0
                    0x01c0                  _PTCON = 0x1c0
                    0x01c0                  _PTCONbits = 0x1c0
                    0x01c2                  P1TMR = 0x1c2
                    0x01c2                  _P1TMR = 0x1c2
                    0x01c2                  _P1TMRbits = 0x1c2
                    0x01c2                  PTMR = 0x1c2
                    0x01c2                  _PTMR = 0x1c2
                    0x01c2                  _PTMRbits = 0x1c2
                    0x01c4                  P1TPER = 0x1c4
                    0x01c4                  _P1TPER = 0x1c4
                    0x01c4                  _P1TPERbits = 0x1c4
                    0x01c4                  PTPER = 0x1c4
                    0x01c4                  _PTPER = 0x1c4
                    0x01c4                  _PTPERbits = 0x1c4
                    0x01c6                  P1SECMP = 0x1c6
                    0x01c6                  _P1SECMP = 0x1c6
                    0x01c6                  _P1SECMPbits = 0x1c6
                    0x01c6                  SEVTCMP = 0x1c6
                    0x01c6                  _SEVTCMP = 0x1c6
                    0x01c6                  _SEVTCMPbits = 0x1c6
                    0x01c8                  PWM1CON1 = 0x1c8
                    0x01c8                  _PWM1CON1 = 0x1c8
                    0x01c8                  _PWM1CON1bits = 0x1c8
                    0x01c8                  PWMCON1 = 0x1c8
                    0x01c8                  _PWMCON1 = 0x1c8
                    0x01c8                  _PWMCON1bits = 0x1c8
                    0x01ca                  PWM1CON2 = 0x1ca
                    0x01ca                  _PWM1CON2 = 0x1ca
                    0x01ca                  _PWM1CON2bits = 0x1ca
                    0x01ca                  PWMCON2 = 0x1ca
                    0x01ca                  _PWMCON2 = 0x1ca
                    0x01ca                  _PWMCON2bits = 0x1ca
                    0x01cc                  DTCON1 = 0x1cc
                    0x01cc                  _DTCON1 = 0x1cc
                    0x01cc                  _DTCON1bits = 0x1cc
                    0x01cc                  P1DTCON1 = 0x1cc
                    0x01cc                  _P1DTCON1 = 0x1cc
                    0x01cc                  _P1DTCON1bits = 0x1cc
                    0x01ce                  DTCON2 = 0x1ce
                    0x01ce                  _DTCON2 = 0x1ce
                    0x01ce                  _DTCON2bits = 0x1ce
                    0x01ce                  P1DTCON2 = 0x1ce
                    0x01ce                  _P1DTCON2 = 0x1ce
                    0x01ce                  _P1DTCON2bits = 0x1ce
                    0x01d0                  FLTACON = 0x1d0
                    0x01d0                  _FLTACON = 0x1d0
                    0x01d0                  _FLTACONbits = 0x1d0
                    0x01d0                  P1FLTACON = 0x1d0
                    0x01d0                  _P1FLTACON = 0x1d0
                    0x01d0                  _P1FLTACONbits = 0x1d0
                    0x01d4                  OVDCON = 0x1d4
                    0x01d4                  _OVDCON = 0x1d4
                    0x01d4                  _OVDCONbits = 0x1d4
                    0x01d4                  P1OVDCON = 0x1d4
                    0x01d4                  _P1OVDCON = 0x1d4
                    0x01d4                  _P1OVDCONbits = 0x1d4
                    0x01d6                  P1DC1 = 0x1d6
                    0x01d6                  _P1DC1 = 0x1d6
                    0x01d6                  PDC1 = 0x1d6
                    0x01d6                  _PDC1 = 0x1d6
                    0x01d8                  P1DC2 = 0x1d8
                    0x01d8                  _P1DC2 = 0x1d8
                    0x01d8                  PDC2 = 0x1d8
                    0x01d8                  _PDC2 = 0x1d8
                    0x01da                  P1DC3 = 0x1da
                    0x01da                  _P1DC3 = 0x1da
                    0x01da                  PDC3 = 0x1da
                    0x01da                  _PDC3 = 0x1da
                    0x01e0                  QEI1CON = 0x1e0
                    0x01e0                  _QEI1CON = 0x1e0
                    0x01e0                  _QEI1CONbits = 0x1e0
                    0x01e0                  QEICON = 0x1e0
                    0x01e0                  _QEICON = 0x1e0
                    0x01e0                  _QEICONbits = 0x1e0
                    0x01e2                  DFLT1CON = 0x1e2
                    0x01e2                  _DFLT1CON = 0x1e2
                    0x01e2                  _DFLT1CONbits = 0x1e2
                    0x01e2                  DFLTCON = 0x1e2
                    0x01e2                  _DFLTCON = 0x1e2
                    0x01e2                  _DFLTCONbits = 0x1e2
                    0x01e4                  POS1CNT = 0x1e4
                    0x01e4                  _POS1CNT = 0x1e4
                    0x01e4                  POSCNT = 0x1e4
                    0x01e4                  _POSCNT = 0x1e4
                    0x01e6                  MAX1CNT = 0x1e6
                    0x01e6                  _MAX1CNT = 0x1e6
                    0x01e6                  MAXCNT = 0x1e6
                    0x01e6                  _MAXCNT = 0x1e6
                    0x01f0                  QEI2CON = 0x1f0
                    0x01f0                  _QEI2CON = 0x1f0
                    0x01f0                  _QEI2CONbits = 0x1f0
                    0x01f2                  DFLT2CON = 0x1f2
                    0x01f2                  _DFLT2CON = 0x1f2
                    0x01f2                  _DFLT2CONbits = 0x1f2
                    0x01f4                  POS2CNT = 0x1f4
                    0x01f4                  _POS2CNT = 0x1f4
                    0x01f6                  MAX2CNT = 0x1f6
                    0x01f6                  _MAX2CNT = 0x1f6
                    0x0200                  I2C1RCV = 0x200
                    0x0200                  _I2C1RCV = 0x200
                    0x0200                  I2CRCV = 0x200
                    0x0200                  _I2CRCV = 0x200
                    0x0202                  I2C1TRN = 0x202
                    0x0202                  _I2C1TRN = 0x202
                    0x0202                  I2CTRN = 0x202
                    0x0202                  _I2CTRN = 0x202
                    0x0204                  I2C1BRG = 0x204
                    0x0204                  _I2C1BRG = 0x204
                    0x0206                  I2C1CON = 0x206
                    0x0206                  _I2C1CON = 0x206
                    0x0206                  _I2C1CONbits = 0x206
                    0x0206                  I2CCON = 0x206
                    0x0206                  _I2CCON = 0x206
                    0x0206                  _I2CCONbits = 0x206
                    0x0208                  I2C1STAT = 0x208
                    0x0208                  _I2C1STAT = 0x208
                    0x0208                  _I2C1STATbits = 0x208
                    0x0208                  I2CSTAT = 0x208
                    0x0208                  _I2CSTAT = 0x208
                    0x0208                  _I2CSTATbits = 0x208
                    0x020a                  I2C1ADD = 0x20a
                    0x020a                  _I2C1ADD = 0x20a
                    0x020a                  I2CADD = 0x20a
                    0x020a                  _I2CADD = 0x20a
                    0x020c                  I2C1MSK = 0x20c
                    0x020c                  _I2C1MSK = 0x20c
                    0x0220                  U1MODE = 0x220
                    0x0220                  _U1MODE = 0x220
                    0x0220                  _U1MODEbits = 0x220
                    0x0222                  U1STA = 0x222
                    0x0222                  _U1STA = 0x222
                    0x0222                  _U1STAbits = 0x222
                    0x0224                  U1TXREG = 0x224
                    0x0224                  _U1TXREG = 0x224
                    0x0224                  _U1TXREGbits = 0x224
                    0x0226                  U1RXREG = 0x226
                    0x0226                  _U1RXREG = 0x226
                    0x0226                  _U1RXREGbits = 0x226
                    0x0228                  U1BRG = 0x228
                    0x0228                  _U1BRG = 0x228
                    0x0230                  U2MODE = 0x230
                    0x0230                  _U2MODE = 0x230
                    0x0230                  _U2MODEbits = 0x230
                    0x0232                  U2STA = 0x232
                    0x0232                  _U2STA = 0x232
                    0x0232                  _U2STAbits = 0x232
                    0x0234                  U2TXREG = 0x234
                    0x0234                  _U2TXREG = 0x234
                    0x0234                  _U2TXREGbits = 0x234
                    0x0236                  U2RXREG = 0x236
                    0x0236                  _U2RXREG = 0x236
                    0x0236                  _U2RXREGbits = 0x236
                    0x0238                  U2BRG = 0x238
                    0x0238                  _U2BRG = 0x238
                    0x0240                  SPI1STAT = 0x240
                    0x0240                  _SPI1STAT = 0x240
                    0x0240                  _SPI1STATbits = 0x240
                    0x0242                  SPI1CON1 = 0x242
                    0x0242                  _SPI1CON1 = 0x242
                    0x0242                  _SPI1CON1bits = 0x242
                    0x0244                  SPI1CON2 = 0x244
                    0x0244                  _SPI1CON2 = 0x244
                    0x0244                  _SPI1CON2bits = 0x244
                    0x0248                  SPI1BUF = 0x248
                    0x0248                  _SPI1BUF = 0x248
                    0x0260                  SPI2STAT = 0x260
                    0x0260                  _SPI2STAT = 0x260
                    0x0260                  _SPI2STATbits = 0x260
                    0x0262                  SPI2CON1 = 0x262
                    0x0262                  _SPI2CON1 = 0x262
                    0x0262                  _SPI2CON1bits = 0x262
                    0x0264                  SPI2CON2 = 0x264
                    0x0264                  _SPI2CON2 = 0x264
                    0x0264                  _SPI2CON2bits = 0x264
                    0x0268                  SPI2BUF = 0x268
                    0x0268                  _SPI2BUF = 0x268
                    0x02c0                  TRISA = 0x2c0
                    0x02c0                  _TRISA = 0x2c0
                    0x02c0                  _TRISAbits = 0x2c0
                    0x02c2                  PORTA = 0x2c2
                    0x02c2                  _PORTA = 0x2c2
                    0x02c2                  _PORTAbits = 0x2c2
                    0x02c4                  LATA = 0x2c4
                    0x02c4                  _LATA = 0x2c4
                    0x02c4                  _LATAbits = 0x2c4
                    0x02c6                  ODCA = 0x2c6
                    0x02c6                  _ODCA = 0x2c6
                    0x02c6                  _ODCAbits = 0x2c6
                    0x02c8                  TRISB = 0x2c8
                    0x02c8                  _TRISB = 0x2c8
                    0x02c8                  _TRISBbits = 0x2c8
                    0x02ca                  PORTB = 0x2ca
                    0x02ca                  _PORTB = 0x2ca
                    0x02ca                  _PORTBbits = 0x2ca
                    0x02cc                  LATB = 0x2cc
                    0x02cc                  _LATB = 0x2cc
                    0x02cc                  _LATBbits = 0x2cc
                    0x02ce                  ODCB = 0x2ce
                    0x02ce                  _ODCB = 0x2ce
                    0x02ce                  _ODCBbits = 0x2ce
                    0x02d0                  TRISC = 0x2d0
                    0x02d0                  _TRISC = 0x2d0
                    0x02d0                  _TRISCbits = 0x2d0
                    0x02d2                  PORTC = 0x2d2
                    0x02d2                  _PORTC = 0x2d2
                    0x02d2                  _PORTCbits = 0x2d2
                    0x02d4                  LATC = 0x2d4
                    0x02d4                  _LATC = 0x2d4
                    0x02d4                  _LATCbits = 0x2d4
                    0x02d6                  ODCC = 0x2d6
                    0x02d6                  _ODCC = 0x2d6
                    0x02d6                  _ODCCbits = 0x2d6
                    0x02fc                  PADCFG1 = 0x2fc
                    0x02fc                  _PADCFG1 = 0x2fc
                    0x02fc                  _PADCFG1bits = 0x2fc
                    0x0300                  ADC1BUF0 = 0x300
                    0x0300                  _ADC1BUF0 = 0x300
                    0x0300                  ADCBUF0 = 0x300
                    0x0300                  _ADCBUF0 = 0x300
                    0x0320                  AD1CON1 = 0x320
                    0x0320                  _AD1CON1 = 0x320
                    0x0320                  _AD1CON1bits = 0x320
                    0x0322                  AD1CON2 = 0x322
                    0x0322                  _AD1CON2 = 0x322
                    0x0322                  _AD1CON2bits = 0x322
                    0x0324                  AD1CON3 = 0x324
                    0x0324                  _AD1CON3 = 0x324
                    0x0324                  _AD1CON3bits = 0x324
                    0x0326                  AD1CHS123 = 0x326
                    0x0326                  _AD1CHS123 = 0x326
                    0x0326                  _AD1CHS123bits = 0x326
                    0x0328                  AD1CHS0 = 0x328
                    0x0328                  _AD1CHS0 = 0x328
                    0x0328                  _AD1CHS0bits = 0x328
                    0x032c                  AD1PCFGL = 0x32c
                    0x032c                  _AD1PCFGL = 0x32c
                    0x032c                  _AD1PCFGLbits = 0x32c
                    0x032c                  ADPCFG = 0x32c
                    0x032c                  _ADPCFG = 0x32c
                    0x032c                  _ADPCFGbits = 0x32c
                    0x0330                  AD1CSSL = 0x330
                    0x0330                  _AD1CSSL = 0x330
                    0x0330                  _AD1CSSLbits = 0x330
                    0x0332                  AD1CON4 = 0x332
                    0x0332                  _AD1CON4 = 0x332
                    0x0332                  _AD1CON4bits = 0x332
                    0x0380                  DMA0CON = 0x380
                    0x0380                  _DMA0CON = 0x380
                    0x0380                  _DMA0CONbits = 0x380
                    0x0382                  DMA0REQ = 0x382
                    0x0382                  _DMA0REQ = 0x382
                    0x0382                  _DMA0REQbits = 0x382
                    0x0384                  DMA0STA = 0x384
                    0x0384                  _DMA0STA = 0x384
                    0x0386                  DMA0STB = 0x386
                    0x0386                  _DMA0STB = 0x386
                    0x0388                  DMA0PAD = 0x388
                    0x0388                  _DMA0PAD = 0x388
                    0x038a                  DMA0CNT = 0x38a
                    0x038a                  _DMA0CNT = 0x38a
                    0x038c                  DMA1CON = 0x38c
                    0x038c                  _DMA1CON = 0x38c
                    0x038c                  _DMA1CONbits = 0x38c
                    0x038e                  DMA1REQ = 0x38e
                    0x038e                  _DMA1REQ = 0x38e
                    0x038e                  _DMA1REQbits = 0x38e
                    0x0390                  DMA1STA = 0x390
                    0x0390                  _DMA1STA = 0x390
                    0x0392                  DMA1STB = 0x392
                    0x0392                  _DMA1STB = 0x392
                    0x0394                  DMA1PAD = 0x394
                    0x0394                  _DMA1PAD = 0x394
                    0x0396                  DMA1CNT = 0x396
                    0x0396                  _DMA1CNT = 0x396
                    0x0398                  DMA2CON = 0x398
                    0x0398                  _DMA2CON = 0x398
                    0x0398                  _DMA2CONbits = 0x398
                    0x039a                  DMA2REQ = 0x39a
                    0x039a                  _DMA2REQ = 0x39a
                    0x039a                  _DMA2REQbits = 0x39a
                    0x039c                  DMA2STA = 0x39c
                    0x039c                  _DMA2STA = 0x39c
                    0x039e                  DMA2STB = 0x39e
                    0x039e                  _DMA2STB = 0x39e
                    0x03a0                  DMA2PAD = 0x3a0
                    0x03a0                  _DMA2PAD = 0x3a0
                    0x03a2                  DMA2CNT = 0x3a2
                    0x03a2                  _DMA2CNT = 0x3a2
                    0x03a4                  DMA3CON = 0x3a4
                    0x03a4                  _DMA3CON = 0x3a4
                    0x03a4                  _DMA3CONbits = 0x3a4
                    0x03a6                  DMA3REQ = 0x3a6
                    0x03a6                  _DMA3REQ = 0x3a6
                    0x03a6                  _DMA3REQbits = 0x3a6
                    0x03a8                  DMA3STA = 0x3a8
                    0x03a8                  _DMA3STA = 0x3a8
                    0x03aa                  DMA3STB = 0x3aa
                    0x03aa                  _DMA3STB = 0x3aa
                    0x03ac                  DMA3PAD = 0x3ac
                    0x03ac                  _DMA3PAD = 0x3ac
                    0x03ae                  DMA3CNT = 0x3ae
                    0x03ae                  _DMA3CNT = 0x3ae
                    0x03b0                  DMA4CON = 0x3b0
                    0x03b0                  _DMA4CON = 0x3b0
                    0x03b0                  _DMA4CONbits = 0x3b0
                    0x03b2                  DMA4REQ = 0x3b2
                    0x03b2                  _DMA4REQ = 0x3b2
                    0x03b2                  _DMA4REQbits = 0x3b2
                    0x03b4                  DMA4STA = 0x3b4
                    0x03b4                  _DMA4STA = 0x3b4
                    0x03b6                  DMA4STB = 0x3b6
                    0x03b6                  _DMA4STB = 0x3b6
                    0x03b8                  DMA4PAD = 0x3b8
                    0x03b8                  _DMA4PAD = 0x3b8
                    0x03ba                  DMA4CNT = 0x3ba
                    0x03ba                  _DMA4CNT = 0x3ba
                    0x03bc                  DMA5CON = 0x3bc
                    0x03bc                  _DMA5CON = 0x3bc
                    0x03bc                  _DMA5CONbits = 0x3bc
                    0x03be                  DMA5REQ = 0x3be
                    0x03be                  _DMA5REQ = 0x3be
                    0x03be                  _DMA5REQbits = 0x3be
                    0x03c0                  DMA5STA = 0x3c0
                    0x03c0                  _DMA5STA = 0x3c0
                    0x03c2                  DMA5STB = 0x3c2
                    0x03c2                  _DMA5STB = 0x3c2
                    0x03c4                  DMA5PAD = 0x3c4
                    0x03c4                  _DMA5PAD = 0x3c4
                    0x03c6                  DMA5CNT = 0x3c6
                    0x03c6                  _DMA5CNT = 0x3c6
                    0x03c8                  DMA6CON = 0x3c8
                    0x03c8                  _DMA6CON = 0x3c8
                    0x03c8                  _DMA6CONbits = 0x3c8
                    0x03ca                  DMA6REQ = 0x3ca
                    0x03ca                  _DMA6REQ = 0x3ca
                    0x03ca                  _DMA6REQbits = 0x3ca
                    0x03cc                  DMA6STA = 0x3cc
                    0x03cc                  _DMA6STA = 0x3cc
                    0x03ce                  DMA6STB = 0x3ce
                    0x03ce                  _DMA6STB = 0x3ce
                    0x03d0                  DMA6PAD = 0x3d0
                    0x03d0                  _DMA6PAD = 0x3d0
                    0x03d2                  DMA6CNT = 0x3d2
                    0x03d2                  _DMA6CNT = 0x3d2
                    0x03d4                  DMA7CON = 0x3d4
                    0x03d4                  _DMA7CON = 0x3d4
                    0x03d4                  _DMA7CONbits = 0x3d4
                    0x03d6                  DMA7REQ = 0x3d6
                    0x03d6                  _DMA7REQ = 0x3d6
                    0x03d6                  _DMA7REQbits = 0x3d6
                    0x03d8                  DMA7STA = 0x3d8
                    0x03d8                  _DMA7STA = 0x3d8
                    0x03da                  DMA7STB = 0x3da
                    0x03da                  _DMA7STB = 0x3da
                    0x03dc                  DMA7PAD = 0x3dc
                    0x03dc                  _DMA7PAD = 0x3dc
                    0x03de                  DMA7CNT = 0x3de
                    0x03de                  _DMA7CNT = 0x3de
                    0x03e0                  DMACS0 = 0x3e0
                    0x03e0                  _DMACS0 = 0x3e0
                    0x03e0                  _DMACS0bits = 0x3e0
                    0x03e2                  DMACS1 = 0x3e2
                    0x03e2                  _DMACS1 = 0x3e2
                    0x03e2                  _DMACS1bits = 0x3e2
                    0x03e4                  DSADR = 0x3e4
                    0x03e4                  _DSADR = 0x3e4
                    0x05c0                  P2TCON = 0x5c0
                    0x05c0                  _P2TCON = 0x5c0
                    0x05c0                  _P2TCONbits = 0x5c0
                    0x05c2                  P2TMR = 0x5c2
                    0x05c2                  _P2TMR = 0x5c2
                    0x05c2                  _P2TMRbits = 0x5c2
                    0x05c4                  P2TPER = 0x5c4
                    0x05c4                  _P2TPER = 0x5c4
                    0x05c4                  _P2TPERbits = 0x5c4
                    0x05c6                  P2SECMP = 0x5c6
                    0x05c6                  _P2SECMP = 0x5c6
                    0x05c6                  _P2SECMPbits = 0x5c6
                    0x05c8                  PWM2CON1 = 0x5c8
                    0x05c8                  _PWM2CON1 = 0x5c8
                    0x05c8                  _PWM2CON1bits = 0x5c8
                    0x05ca                  PWM2CON2 = 0x5ca
                    0x05ca                  _PWM2CON2 = 0x5ca
                    0x05ca                  _PWM2CON2bits = 0x5ca
                    0x05cc                  P2DTCON1 = 0x5cc
                    0x05cc                  _P2DTCON1 = 0x5cc
                    0x05cc                  _P2DTCON1bits = 0x5cc
                    0x05ce                  P2DTCON2 = 0x5ce
                    0x05ce                  _P2DTCON2 = 0x5ce
                    0x05ce                  _P2DTCON2bits = 0x5ce
                    0x05d0                  P2FLTACON = 0x5d0
                    0x05d0                  _P2FLTACON = 0x5d0
                    0x05d0                  _P2FLTACONbits = 0x5d0
                    0x05d4                  P2OVDCON = 0x5d4
                    0x05d4                  _P2OVDCON = 0x5d4
                    0x05d4                  _P2OVDCONbits = 0x5d4
                    0x05d6                  P2DC1 = 0x5d6
                    0x05d6                  _P2DC1 = 0x5d6
                    0x0600                  PMCON = 0x600
                    0x0600                  _PMCON = 0x600
                    0x0600                  _PMCONbits = 0x600
                    0x0602                  PMMODE = 0x602
                    0x0602                  _PMMODE = 0x602
                    0x0602                  _PMMODEbits = 0x602
                    0x0604                  PMADDR = 0x604
                    0x0604                  _PMADDR = 0x604
                    0x0604                  _PMADDRbits = 0x604
                    0x0604                  PMDOUT1 = 0x604
                    0x0604                  _PMDOUT1 = 0x604
                    0x0606                  PMDOUT2 = 0x606
                    0x0606                  _PMDOUT2 = 0x606
                    0x0608                  PMDIN1 = 0x608
                    0x0608                  _PMDIN1 = 0x608
                    0x060a                  PMDIN2 = 0x60a
                    0x060a                  _PMDIN2 = 0x60a
                    0x060c                  PMAEN = 0x60c
                    0x060c                  _PMAEN = 0x60c
                    0x060c                  _PMAENbits = 0x60c
                    0x060e                  PMSTAT = 0x60e
                    0x060e                  _PMSTAT = 0x60e
                    0x060e                  _PMSTATbits = 0x60e
                    0x0620                  ALRMVAL = 0x620
                    0x0620                  _ALRMVAL = 0x620
                    0x0622                  ALCFGRPT = 0x622
                    0x0622                  _ALCFGRPT = 0x622
                    0x0622                  _ALCFGRPTbits = 0x622
                    0x0624                  RTCVAL = 0x624
                    0x0624                  _RTCVAL = 0x624
                    0x0626                  RCFGCAL = 0x626
                    0x0626                  _RCFGCAL = 0x626
                    0x0626                  _RCFGCALbits = 0x626
                    0x0630                  CMCON = 0x630
                    0x0630                  _CMCON = 0x630
                    0x0630                  _CMCONbits = 0x630
                    0x0632                  CVRCON = 0x632
                    0x0632                  _CVRCON = 0x632
                    0x0632                  _CVRCONbits = 0x632
                    0x0640                  CRCCON = 0x640
                    0x0640                  _CRCCON = 0x640
                    0x0640                  _CRCCONbits = 0x640
                    0x0642                  CRCXOR = 0x642
                    0x0642                  _CRCXOR = 0x642
                    0x0644                  CRCDAT = 0x644
                    0x0644                  _CRCDAT = 0x644
                    0x0646                  CRCWDAT = 0x646
                    0x0646                  _CRCWDAT = 0x646
                    0x0680                  RPINR0 = 0x680
                    0x0680                  _RPINR0 = 0x680
                    0x0680                  _RPINR0bits = 0x680
                    0x0682                  RPINR1 = 0x682
                    0x0682                  _RPINR1 = 0x682
                    0x0682                  _RPINR1bits = 0x682
                    0x0686                  RPINR3 = 0x686
                    0x0686                  _RPINR3 = 0x686
                    0x0686                  _RPINR3bits = 0x686
                    0x0688                  RPINR4 = 0x688
                    0x0688                  _RPINR4 = 0x688
                    0x0688                  _RPINR4bits = 0x688
                    0x068e                  RPINR7 = 0x68e
                    0x068e                  _RPINR7 = 0x68e
                    0x068e                  _RPINR7bits = 0x68e
                    0x0694                  RPINR10 = 0x694
                    0x0694                  _RPINR10 = 0x694
                    0x0694                  _RPINR10bits = 0x694
                    0x0696                  RPINR11 = 0x696
                    0x0696                  _RPINR11 = 0x696
                    0x0696                  _RPINR11bits = 0x696
                    0x0698                  RPINR12 = 0x698
                    0x0698                  _RPINR12 = 0x698
                    0x0698                  _RPINR12bits = 0x698
                    0x069a                  RPINR13 = 0x69a
                    0x069a                  _RPINR13 = 0x69a
                    0x069a                  _RPINR13bits = 0x69a
                    0x069c                  RPINR14 = 0x69c
                    0x069c                  _RPINR14 = 0x69c
                    0x069c                  _RPINR14bits = 0x69c
                    0x069e                  RPINR15 = 0x69e
                    0x069e                  _RPINR15 = 0x69e
                    0x069e                  _RPINR15bits = 0x69e
                    0x06a0                  RPINR16 = 0x6a0
                    0x06a0                  _RPINR16 = 0x6a0
                    0x06a0                  _RPINR16bits = 0x6a0
                    0x06a2                  RPINR17 = 0x6a2
                    0x06a2                  _RPINR17 = 0x6a2
                    0x06a2                  _RPINR17bits = 0x6a2
                    0x06a4                  RPINR18 = 0x6a4
                    0x06a4                  _RPINR18 = 0x6a4
                    0x06a4                  _RPINR18bits = 0x6a4
                    0x06a6                  RPINR19 = 0x6a6
                    0x06a6                  _RPINR19 = 0x6a6
                    0x06a6                  _RPINR19bits = 0x6a6
                    0x06a8                  RPINR20 = 0x6a8
                    0x06a8                  _RPINR20 = 0x6a8
                    0x06a8                  _RPINR20bits = 0x6a8
                    0x06aa                  RPINR21 = 0x6aa
                    0x06aa                  _RPINR21 = 0x6aa
                    0x06aa                  _RPINR21bits = 0x6aa
                    0x06ac                  RPINR22 = 0x6ac
                    0x06ac                  _RPINR22 = 0x6ac
                    0x06ac                  _RPINR22bits = 0x6ac
                    0x06ae                  RPINR23 = 0x6ae
                    0x06ae                  _RPINR23 = 0x6ae
                    0x06ae                  _RPINR23bits = 0x6ae
                    0x06c0                  RPOR0 = 0x6c0
                    0x06c0                  _RPOR0 = 0x6c0
                    0x06c0                  _RPOR0bits = 0x6c0
                    0x06c2                  RPOR1 = 0x6c2
                    0x06c2                  _RPOR1 = 0x6c2
                    0x06c2                  _RPOR1bits = 0x6c2
                    0x06c4                  RPOR2 = 0x6c4
                    0x06c4                  _RPOR2 = 0x6c4
                    0x06c4                  _RPOR2bits = 0x6c4
                    0x06c6                  RPOR3 = 0x6c6
                    0x06c6                  _RPOR3 = 0x6c6
                    0x06c6                  _RPOR3bits = 0x6c6
                    0x06c8                  RPOR4 = 0x6c8
                    0x06c8                  _RPOR4 = 0x6c8
                    0x06c8                  _RPOR4bits = 0x6c8
                    0x06ca                  RPOR5 = 0x6ca
                    0x06ca                  _RPOR5 = 0x6ca
                    0x06ca                  _RPOR5bits = 0x6ca
                    0x06cc                  RPOR6 = 0x6cc
                    0x06cc                  _RPOR6 = 0x6cc
                    0x06cc                  _RPOR6bits = 0x6cc
                    0x06ce                  RPOR7 = 0x6ce
                    0x06ce                  _RPOR7 = 0x6ce
                    0x06ce                  _RPOR7bits = 0x6ce
                    0x06d0                  RPOR8 = 0x6d0
                    0x06d0                  _RPOR8 = 0x6d0
                    0x06d0                  _RPOR8bits = 0x6d0
                    0x06d2                  RPOR9 = 0x6d2
                    0x06d2                  _RPOR9 = 0x6d2
                    0x06d2                  _RPOR9bits = 0x6d2
                    0x06d4                  RPOR10 = 0x6d4
                    0x06d4                  _RPOR10 = 0x6d4
                    0x06d4                  _RPOR10bits = 0x6d4
                    0x06d6                  RPOR11 = 0x6d6
                    0x06d6                  _RPOR11 = 0x6d6
                    0x06d6                  _RPOR11bits = 0x6d6
                    0x06d8                  RPOR12 = 0x6d8
                    0x06d8                  _RPOR12 = 0x6d8
                    0x06d8                  _RPOR12bits = 0x6d8
                    0x0740                  RCON = 0x740
                    0x0740                  _RCON = 0x740
                    0x0740                  _RCONbits = 0x740
                    0x0742                  OSCCON = 0x742
                    0x0742                  _OSCCON = 0x742
                    0x0742                  _OSCCONbits = 0x742
                    0x0742                  OSCCONL = 0x742
                    0x0742                  _OSCCONL = 0x742
                    0x0743                  OSCCONH = 0x743
                    0x0743                  _OSCCONH = 0x743
                    0x0744                  CLKDIV = 0x744
                    0x0744                  _CLKDIV = 0x744
                    0x0744                  _CLKDIVbits = 0x744
                    0x0746                  PLLFBD = 0x746
                    0x0746                  _PLLFBD = 0x746
                    0x0746                  _PLLFBDbits = 0x746
                    0x0748                  OSCTUN = 0x748
                    0x0748                  _OSCTUN = 0x748
                    0x0748                  _OSCTUNbits = 0x748
                    0x074a                  ACLKCON = 0x74a
                    0x074a                  _ACLKCON = 0x74a
                    0x074a                  _ACLKCONbits = 0x74a
                    0x0750                  BSRAM = 0x750
                    0x0750                  _BSRAM = 0x750
                    0x0750                  _BSRAMbits = 0x750
                    0x0752                  SSRAM = 0x752
                    0x0752                  _SSRAM = 0x752
                    0x0752                  _SSRAMbits = 0x752
                    0x0760                  NVMCON = 0x760
                    0x0760                  _NVMCON = 0x760
                    0x0760                  _NVMCONbits = 0x760
                    0x0766                  NVMKEY = 0x766
                    0x0766                  _NVMKEY = 0x766
                    0x0770                  PMD1 = 0x770
                    0x0770                  _PMD1 = 0x770
                    0x0770                  _PMD1bits = 0x770
                    0x0772                  PMD2 = 0x772
                    0x0772                  _PMD2 = 0x772
                    0x0772                  _PMD2bits = 0x772
                    0x0774                  PMD3 = 0x774
                    0x0774                  _PMD3 = 0x774
                    0x0774                  _PMD3bits = 0x774
                    0x0022                  ACCA = 0x22
                    0x0022                  _ACCA = 0x22
                    0x0028                  ACCB = 0x28
                    0x0028                  _ACCB = 0x28
                    0x0140                  IC1 = 0x140
                    0x0140                  _IC1 = 0x140
                    0x0144                  IC2 = 0x144
                    0x0144                  _IC2 = 0x144
                    0x0158                  IC7 = 0x158
                    0x0158                  _IC7 = 0x158
                    0x015c                  IC8 = 0x15c
                    0x015c                  _IC8 = 0x15c
                    0x0180                  OC1 = 0x180
                    0x0180                  _OC1 = 0x180
                    0x0186                  OC2 = 0x186
                    0x0186                  _OC2 = 0x186
                    0x018c                  OC3 = 0x18c
                    0x018c                  _OC3 = 0x18c
                    0x0192                  OC4 = 0x192
                    0x0192                  _OC4 = 0x192
                    0x0240                  SPI1 = 0x240
                    0x0240                  _SPI1 = 0x240
                    0x0260                  SPI2 = 0x260
                    0x0260                  _SPI2 = 0x260
                    0x0220                  UART1 = 0x220
                    0x0220                  _UART1 = 0x220
                    0x0230                  UART2 = 0x230
                    0x0230                  _UART2 = 0x230
START GROUP
LOAD f:/programfiles_x86/microchip/xc16/v1.26/bin/bin/../../lib\libpic30-elf.a
LOAD f:/programfiles_x86/microchip/xc16/v1.26/bin/bin/../../lib\libm-elf.a
LOAD f:/programfiles_x86/microchip/xc16/v1.26/bin/bin/../../lib\libc-elf.a
END GROUP
OUTPUT(dist/default/production/RPI_shield.X.production.elf elf32-pic30)
LOAD default_isr
LOAD data_init
LOAD shared_data_init

.debug_pubtypes
                  0x000090        0x660
 .debug_pubtypes
                  0x000090         0x12 build/default/production/_ext/1472/controllers.o
 .debug_pubtypes
                  0x0000a2        0x554 build/default/production/_ext/1472/initialize.o
 .debug_pubtypes
                  0x0005f6         0x4c build/default/production/_ext/1472/main.o
 .debug_pubtypes
                  0x000642         0x4e build/default/production/_ext/1472/sensors.o
 .debug_pubtypes
                  0x000690         0x12 build/default/production/_ext/1472/serial.o
 .debug_pubtypes
                  0x0006a2         0x4e build/default/production/_ext/1472/MLX90363.o

__c30_signature
                  0x0006f0         0xba
 __c30_signature
                  0x0006f0          0x6 build/default/production/_ext/1472/controllers.o
 __c30_signature
                  0x0006f6          0x6 build/default/production/_ext/1472/initialize.o
 __c30_signature
                  0x0006fc          0x6 build/default/production/_ext/1472/main.o
 __c30_signature
                  0x000702          0x6 build/default/production/_ext/1472/sensors.o
 __c30_signature
                  0x000708          0x6 build/default/production/_ext/1472/serial.o
 __c30_signature
                  0x00070e          0x6 build/default/production/_ext/1472/MLX90363.o
 __c30_signature
                  0x000714          0x6 f:/programfiles_x86/microchip/xc16/v1.26/bin/bin/../../lib\libpic30-elf.a(crt0_standard.o)
 __c30_signature
                  0x00071a          0x6 f:/programfiles_x86/microchip/xc16/v1.26/bin/bin/../../lib\libpic30-elf.a(data_init_standard.o)
 __c30_signature
                  0x000720          0x6 f:/programfiles_x86/microchip/xc16/v1.26/bin/bin/../../lib\libm-elf.a(addsf3.eo)
 __c30_signature
                  0x000726          0x6 f:/programfiles_x86/microchip/xc16/v1.26/bin/bin/../../lib\libm-elf.a(atanf.eo)
 __c30_signature
                  0x00072c          0x6 f:/programfiles_x86/microchip/xc16/v1.26/bin/bin/../../lib\libm-elf.a(divsf3.eo)
 __c30_signature
                  0x000732          0x6 f:/programfiles_x86/microchip/xc16/v1.26/bin/bin/../../lib\libm-elf.a(errno.eo)
 __c30_signature
                  0x000738          0x6 f:/programfiles_x86/microchip/xc16/v1.26/bin/bin/../../lib\libm-elf.a(feqltle.eo)
 __c30_signature
                  0x00073e          0x6 f:/programfiles_x86/microchip/xc16/v1.26/bin/bin/../../lib\libm-elf.a(fgtge.eo)
 __c30_signature
                  0x000744          0x6 f:/programfiles_x86/microchip/xc16/v1.26/bin/bin/../../lib\libm-elf.a(fixsfsi.eo)
 __c30_signature
                  0x00074a          0x6 f:/programfiles_x86/microchip/xc16/v1.26/bin/bin/../../lib\libm-elf.a(fixunssfsi.eo)
 __c30_signature
                  0x000750          0x6 f:/programfiles_x86/microchip/xc16/v1.26/bin/bin/../../lib\libm-elf.a(floatsisf.eo)
 __c30_signature
                  0x000756          0x6 f:/programfiles_x86/microchip/xc16/v1.26/bin/bin/../../lib\libm-elf.a(floatunsisf.eo)
 __c30_signature
                  0x00075c          0x6 f:/programfiles_x86/microchip/xc16/v1.26/bin/bin/../../lib\libm-elf.a(fpack.eo)
 __c30_signature
                  0x000762          0x6 f:/programfiles_x86/microchip/xc16/v1.26/bin/bin/../../lib\libm-elf.a(funpack.eo)
 __c30_signature
                  0x000768          0x6 f:/programfiles_x86/microchip/xc16/v1.26/bin/bin/../../lib\libm-elf.a(funpack2.eo)
 __c30_signature
                  0x00076e          0x6 f:/programfiles_x86/microchip/xc16/v1.26/bin/bin/../../lib\libm-elf.a(futil.eo)
 __c30_signature
                  0x000774          0x6 f:/programfiles_x86/microchip/xc16/v1.26/bin/bin/../../lib\libm-elf.a(mulsf3.eo)
 __c30_signature
                  0x00077a          0x6 f:/programfiles_x86/microchip/xc16/v1.26/bin/bin/../../lib\libm-elf.a(sqrtf.eo)
 __c30_signature
                  0x000780          0x6 f:/programfiles_x86/microchip/xc16/v1.26/bin/bin/../../lib\libm-elf.a(fcompare.eo)
 __c30_signature
                  0x000786          0x6 f:/programfiles_x86/microchip/xc16/v1.26/bin/bin/../../lib\libm-elf.a(floatdisf.eo)
 __c30_signature
                  0x00078c          0x6 f:/programfiles_x86/microchip/xc16/v1.26/bin/bin/../../lib\libm-elf.a(floatundisf.eo)
 __c30_signature
                  0x000792          0x6 f:/programfiles_x86/microchip/xc16/v1.26/bin/bin/../../lib\libc-elf.a(malloc.eo)
 __c30_signature
                  0x000798          0x6 f:/programfiles_x86/microchip/xc16/v1.26/bin/bin/../../lib\libc-elf.a(memcpy.eo)
 __c30_signature
                  0x00079e          0x6 f:/programfiles_x86/microchip/xc16/v1.26/bin/bin/../../lib\libpic30-elf.a(sbrk.eo)
 __c30_signature
                  0x0007a4          0x6 f:/programfiles_x86/microchip/xc16/v1.26/bin/bin/../../lib\libpic30-elf.a(brk.elo)

_02BF690057f7d311
                    0x2680         0xa0
 _02BF690057f7d311
                    0x2680         0xa0 build/default/production/_ext/1472/initialize.o
                    0x2680                  _ADCBufferA

_02BF6AE057f7d311
                    0x2500         0xa0
 _02BF6AE057f7d311
                    0x2500         0xa0 build/default/production/_ext/1472/initialize.o
                    0x2500                  _ADCBufferB

_02BF636057f7d311
                    0x2720          0x8
 _02BF636057f7d311
                    0x2720          0x8 build/default/production/_ext/1472/initialize.o
                    0x2720                  _TxBufferA

_02BF648057f7d311
                    0x2728          0x8
 _02BF648057f7d311
                    0x2728          0x8 build/default/production/_ext/1472/initialize.o
                    0x2728                  _TxBufferB

_02BF65A057f7d311
                    0x2730          0x8
 _02BF65A057f7d311
                    0x2730          0x8 build/default/production/_ext/1472/initialize.o
                    0x2730                  _RxBufferA

_02BF66C057f7d311
                    0x2738          0x8
 _02BF66C057f7d311
                    0x2738          0x8 build/default/production/_ext/1472/initialize.o
                    0x2738                  _RxBufferB

.nbss               0x0800         0x90
 .nbss              0x0800         0x56 build/default/production/_ext/1472/main.o
                    0x0800                  _run_time
                    0x0804                  _period
                    0x0808                  _wait_flag
                    0x080a                  _p
                    0x080e                  _pwm1_duty_12bit
                    0x0810                  _pwm1_duty
                    0x0812                  _pwm2_duty
                    0x0814                  _num_ADC
                    0x0816                  _steeringAngle
                    0x081a                  _fMag
                    0x081e                  _fAngle
                    0x0822                  _xDisp
                    0x0826                  _yDisp
                    0x082a                  _forceX
                    0x082e                  _forceY
                    0x0832                  _Bx
                    0x0834                  _By
                    0x0836                  _Bz
                    0x0838                  _vg
                    0x083a                  _zVal
                    0x083c                  _xVal
                    0x083e                  _yVal
                    0x0840                  _alpha
                    0x0842                  _k
                    0x0846                  _hallErrorFlag
                    0x0848                  _enc1_pos
                    0x084c                  _enc2_pos
                    0x0850                  _spi_flag
                    0x0852                  _sampleCounter
                    0x0854                  _scanCounter
 .nbss              0x0856         0x2e build/default/production/_ext/1472/MLX90363.o
                    0x0856                  _data1
                    0x0858                  _data2
                    0x085a                  _ix
                    0x085c                  _txferSize
                    0x085e                  _pTxBuff
                    0x0860                  _pRxBuff
                    0x0862                  _crc
                    0x0864                  _byte0
                    0x0866                  _byte1
                    0x0868                  _byte2
                    0x086a                  _byte3
                    0x086c                  _byte4
                    0x086e                  _byte5
                    0x0870                  _byte6
                    0x0872                  _CODE
                    0x0874                  _Opcode14
                    0x0876                  _CHKEY
                    0x0878                  _Opcode4
                    0x087a                  _Challenge_code
                    0x087c                  _Opcode40
                    0x087e                  _Key_Echo
                    0x0880                  _Inverted_Key_Echo
                    0x0882                  _crc_recoder
 .nbss              0x0884          0x6 build/default/production/_ext/1472/initialize.o
                    0x0884                  _DmaBuffer
 .nbss              0x088a          0x6 build/default/production/_ext/1472/serial.o
                    0x088a                  _msg_marker
                    0x088c                  _enc1flag
                    0x088e                  _oc1flag

.ndata              0x0890          0x6
 .ndata             0x0890          0x4 build/default/production/_ext/1472/main.o
                    0x0890                  _samp_time
 .ndata             0x0894          0x2 build/default/production/_ext/1472/sensors.o
                    0x0894                  _min_tcount

.nbss               0x0896          0x4
 .nbss              0x0896          0x2 build/default/production/_ext/1472/sensors.o
                    0x0896                  _enc1pos
 .nbss              0x0898          0x2 f:/programfiles_x86/microchip/xc16/v1.26/bin/bin/../../lib\libm-elf.a(errno.eo)
                    0x0898                  _errno

.data               0x089a        0x200
 .data              0x089a        0x200 build/default/production/_ext/1472/MLX90363.o
                    0x089a                  _cba_256_TAB

.bss                0x2740         0xae
 .bss               0x2740         0x9c build/default/production/_ext/1472/main.o
                    0x2740                  _dataIn
                    0x2746                  _dataOut
                    0x274c                  _ain0Buff
                    0x275c                  _ain1Buff
                    0x276c                  _ain2Buff
                    0x277c                  _ain3Buff
                    0x278c                  _ain4Buff
                    0x279c                  _ain5Buff
                    0x27ac                  _ain6Buff
                    0x27bc                  _ain7Buff
                    0x27cc                  _ain8Buff
 .bss               0x27dc         0x10 f:/programfiles_x86/microchip/xc16/v1.26/bin/bin/../../lib\libc-elf.a(malloc.eo)
                    0x27dc                  ___allocs
                    0x27e4                  ___allocp
                    0x27e6                  ___alloct
                    0x27e8                  ___allocx
 .bss               0x27ec          0x2 f:/programfiles_x86/microchip/xc16/v1.26/bin/bin/../../lib\libpic30-elf.a(brk.elo)
                    0x27ec                  ___curbrk

.ivt._T1Interrupt
                  0x00001a          0x2
 .ivt._T1Interrupt
                  0x00001a          0x2 build/default/production/_ext/1472/initialize.o

.ivt._T2Interrupt
                  0x000022          0x2
 .ivt._T2Interrupt
                  0x000022          0x2 build/default/production/_ext/1472/initialize.o

.ivt._SPI1Interrupt
                  0x000028          0x2
 .ivt._SPI1Interrupt
                  0x000028          0x2 build/default/production/_ext/1472/initialize.o

.ivt._SPI2Interrupt
                  0x000056          0x2
 .ivt._SPI2Interrupt
                  0x000056          0x2 build/default/production/_ext/1472/initialize.o

.ivt._DMA0Interrupt
                  0x00001c          0x2
 .ivt._DMA0Interrupt
                  0x00001c          0x2 build/default/production/_ext/1472/initialize.o

.ivt._DMA1Interrupt
                  0x000030          0x2
 .ivt._DMA1Interrupt
                  0x000030          0x2 build/default/production/_ext/1472/initialize.o

.ivt._DMA2Interrupt
                  0x000044          0x2
 .ivt._DMA2Interrupt
                  0x000044          0x2 build/default/production/_ext/1472/initialize.o

.text             0x000966       0x1c1c
 .text            0x000966       0x12d4 build/default/production/_ext/1472/MLX90363.o
                  0x000966                  _EEpromWrite_Message
                  0x000b3e                  _EERead_Challenge
                  0x000d3e                  _EEChallenge_Ans
                  0x000f3a                  _MemoryRead_msg
                  0x00112c                  _NOP_COMMAND
                  0x00131a                  _NOP_COMMAND_slow
                  0x0015a0                  _Reboot
                  0x001778                  _sendSPImsg
                  0x001790                  _SpiDoGet
                  0x001a14                  _SpiDoGet_slow
                  0x001bfc                  _setLockSPIModule
 .text            0x001c3a        0x4f6 build/default/production/_ext/1472/initialize.o
                  0x001c3a                  _init_clock
                  0x001c8a                  __T1Interrupt
                  0x001cae                  _init_samptime
                  0x001cd4                  _init_pins
                  0x001cf8                  _init_UART
                  0x001d24                  __T2Interrupt
                  0x001d40                  _init_pwm1
                  0x001d6c                  _init_pwm2
                  0x001d90                  _init_spi1
                  0x001e32                  _init_spi2
                  0x001e88                  __SPI1Interrupt
                  0x001e9e                  __SPI2Interrupt
                  0x001eb4                  __DMA0Interrupt
                  0x001eee                  __DMA1Interrupt
                  0x001f28                  _init_encoder1
                  0x001f7a                  _init_encoder2
                  0x001fcc                  _initTmr3
                  0x001fde                  _init_ADC
                  0x002058                  _initDMA_ADC
                  0x002088                  __DMA2Interrupt
                  0x0020ba                  _init_i2c
                  0x0020e8                  _fsign
                  0x00211c                  _delay
 .text            0x002130        0x452 build/default/production/_ext/1472/sensors.o
                  0x002130                  _getEnc1PosDeg
                  0x002176                  _getEnc1Pos
                  0x002180                  _getEnc2PosDeg
                  0x0021a4                  _ProcessADCSamples
                  0x002272                  _getAngle
                  0x0022d8                  _getForceMag

.dinit            0x002582        0x1ca
 .dinit           0x002582        0x1ca data_init

.text             0x00274c        0x166
 .text            0x00274c        0x10c build/default/production/_ext/1472/serial.o
                  0x00274c                  _TxData
                  0x00277c                  _ProcessRxData
 .text            0x002858         0x52 build/default/production/_ext/1472/main.o
                  0x002858                  _main
 .text            0x0028aa          0x8 build/default/production/_ext/1472/controllers.o
                  0x0028aa                  _setMotorPercent

.shared.dinit     0x0028b2          0x2
 .shared.dinit    0x0028b2          0x2 shared_data_init
